// Jest Snapshot v1, https://goo.gl/fbAQLP

exports[`Styled Grid should match snapshot 1`] = `
<DocumentFragment>
  .c0 {
  margin-top: 0px;
  margin-left: 0px;
  margin-right: 0px;
  margin-bottom: 16px;
  padding-top: 16px;
  padding-left: 0px;
  padding-right: 0px;
  padding-bottom: 0px;
}

<div
    class="MuiGrid-root c0"
  />
  <div
    id="modal"
  />
  <div
    class="Toastify"
  />
</DocumentFragment>
`;
